Windows PowerShell
Copyright (C) Microsoft Corporation. Tutti i diritti riservati.

Installa la versione più recente di PowerShell per nuove funzionalità e miglioramenti. https://aka.ms/PSWindows

PS C:\Users\Pc> cd C:\Users\Pc\Desktop\mobile-app
PS C:\Users\Pc\Desktop\mobile-app> echo EXPO_PUBLIC_API_URL=https://manage.eventfouryou.com > .env
PS C:\Users\Pc\Desktop\mobile-app> npm install
npm warn deprecated inflight@1.0.6: This module is not supported, and leaks memory. Do not use it. Check out lru-cache if you want a good and tested way to coalesce async requests by a key value, which is much more comprehensive and powerful.
npm warn deprecated rimraf@3.0.2: Rimraf versions prior to v4 are no longer supported
npm warn deprecated glob@7.2.3: Glob versions prior to v9 are no longer supported
npm warn deprecated glob@7.2.3: Glob versions prior to v9 are no longer supported
npm warn deprecated glob@7.2.3: Glob versions prior to v9 are no longer supported
npm warn deprecated glob@7.2.3: Glob versions prior to v9 are no longer supported
npm warn deprecated glob@7.2.3: Glob versions prior to v9 are no longer supported
npm warn deprecated glob@7.2.3: Glob versions prior to v9 are no longer supported
npm warn deprecated text-encoding@0.7.0: no longer maintained
npm warn deprecated @babel/plugin-proposal-class-properties@7.18.6: This proposal has been merged to the ECMAScript standard and thus this plugin is no longer maintained. Please use @babel/plugin-transform-class-properties instead.
npm warn deprecated @babel/plugin-proposal-nullish-coalescing-operator@7.18.6: This proposal has been merged to the ECMAScript standard and thus this plugin is no longer maintained. Please use @babel/plugin-transform-nullish-coalescing-operator instead.
npm warn deprecated @babel/plugin-proposal-optional-chaining@7.21.0: This proposal has been merged to the ECMAScript standard and thus this plugin is no longer maintained. Please use @babel/plugin-transform-optional-chaining instead.
npm warn deprecated @xmldom/xmldom@0.7.13: this version is no longer supported, please update to at least 0.8.*
npm warn deprecated rimraf@2.6.3: Rimraf versions prior to v4 are no longer supported

added 976 packages, and audited 977 packages in 2m

91 packages are looking for funding
  run `npm fund` for details

found 0 vulnerabilities
PS C:\Users\Pc\Desktop\mobile-app> npx expo start
Starting project at C:\Users\Pc\Desktop\mobile-app
Error: The required package `expo-asset` cannot be found
Error: The required package `expo-asset` cannot be found
    at getAssetPlugins (C:\Users\Pc\Desktop\mobile-app\node_modules\@expo\metro-config\src\ExpoMetroConfig.ts:65:11)
    at getDefaultConfig (C:\Users\Pc\Desktop\mobile-app\node_modules\@expo\metro-config\src\ExpoMetroConfig.ts:373:21)
    at loadMetroConfigAsync (C:\Users\Pc\Desktop\mobile-app\node_modules\@expo\cli\src\start\server\metro\instantiateMetro.ts:96:43)
    at instantiateMetroAsync (C:\Users\Pc\Desktop\mobile-app\node_modules\@expo\cli\src\start\server\metro\instantiateMetro.ts:195:53)
    at MetroBundlerDevServer.startImplementationAsync (C:\Users\Pc\Desktop\mobile-app\node_modules\@expo\cli\src\start\server\metro\MetroBundlerDevServer.ts:940:69)
    at MetroBundlerDevServer.startAsync (C:\Users\Pc\Desktop\mobile-app\node_modules\@expo\cli\src\start\server\BundlerDevServer.ts:160:18)
    at DevServerManager.startAsync (C:\Users\Pc\Desktop\mobile-app\node_modules\@expo\cli\src\start\server\DevServerManager.ts:184:7)
    at startAsync (C:\Users\Pc\Desktop\mobile-app\node_modules\@expo\cli\src\start\startAsync.ts:99:3)
PS C:\Users\Pc\Desktop\mobile-app> cnpx expo start